// Vitest Snapshot v1, https://vitest.dev/guide/snapshot.html

exports[`Full table snapshot > renders a complete table with header and all fixture jobs 1`] = `
"ST   JOB NAME                  AGENT         SCHEDULE          SOURCE     LAST RUN          RESULT
────────────────────────────────────────────────────────────────────────────────────────────────────
────────────────────
▶   ●    my-web-server           claude-code   always-on        registere  2026-04-10       success
                                                                d          18:00
   ●    bg:node                  claude-code   always-on        registere  2026-04-10       success
                                                                d          19:00
   ●    pm2:api.js"},"tool_res   claude-code   always-on        registere  2026-04-10       success
        ult":"…                                                 d          20:00
   ○    docker:my-very-long-co   claude-code   always-on        registere  2026-04-10       error
        ntaine…                                                 d          21:00
   ●    node:server.js           unknown       always-on        live       2026-04-10       success
                                                                           22:00
   ✗    flask-server             claude-code   always-on        registere  2026-04-10       error
                                                                d          16:30"
`;

exports[`Full table snapshot > renders a table with expanded detail 1`] = `
"ST   JOB NAME                  AGENT         SCHEDULE          SOURCE     LAST RUN          RESULT
────────────────────────────────────────────────────────────────────────────────────────────────────
────────────────────
▼  ●    my-web-server            claude-code   always-on        registere  2026-04-10       success
                                                                d          18:00
   ╭───────────────────────────────────────────────────────────────────────────────────────────────╮
   │  Description:   node src/server.js --port 3000                                                │
   │  Project:       /Users/dev/my-project                                                         │
   │  Source:        registered                                                                    │
   │  Status:        active                                                                        │
   │  Created:       2026-04-10 18:00                                                              │
   │  Next Run:      :3000                                                                         │
   │  Run Count:     5                                                                             │
   │  Last Result:   success                                                                       │
   │                                                                                               │
   │  ESC or d to close                                                                            │
   ╰───────────────────────────────────────────────────────────────────────────────────────────────╯"
`;
